
AceDuk@DESKTOP-L7CEDGU MINGW64 ~/Desktop/SI_2023_lab1_173241
$ git init
Initialized empty Git repository in C:/Users/AceDuk/Desktop/SI_2023_lab1_173241/.git/

AceDuk@DESKTOP-L7CEDGU MINGW64 ~/Desktop/SI_2023_lab1_173241 (master)
$ git remote add origin https://github.com/AceDuk/SI_2023_lab1_173241.git

AceDuk@DESKTOP-L7CEDGU MINGW64 ~/Desktop/SI_2023_lab1_173241 (master)
$ git add README.md

AceDuk@DESKTOP-L7CEDGU MINGW64 ~/Desktop/SI_2023_lab1_173241 (master)
$ git commit -m "Initial commit."
[master (root-commit) bf914eb] Initial commit.
 1 file changed, 1 insertion(+)
 create mode 100644 README.md

AceDuk@DESKTOP-L7CEDGU MINGW64 ~/Desktop/SI_2023_lab1_173241 (master)
$ git add SILab1.java

AceDuk@DESKTOP-L7CEDGU MINGW64 ~/Desktop/SI_2023_lab1_173241 (master)
$ git commit -m "Add java class"
[master 0a38ab7] Add java class
 1 file changed, 41 insertions(+)
 create mode 100644 SILab1.java

AceDuk@DESKTOP-L7CEDGU MINGW64 ~/Desktop/SI_2023_lab1_173241 (master)
$ git push -u origin master
Enumerating objects: 6, done.
Counting objects: 100% (6/6), done.
Delta compression using up to 4 threads
Compressing objects: 100% (5/5), done.
Writing objects: 100% (6/6), 862 bytes | 862.00 KiB/s, done.
Total 6 (delta 0), reused 0 (delta 0), pack-reused 0
To https://github.com/AceDuk/SI_2023_lab1_173241.git
 * [new branch]      master -> master
branch 'master' set up to track 'origin/master'.

AceDuk@DESKTOP-L7CEDGU MINGW64 ~/Desktop/SI_2023_lab1_173241 (master)
$ git branch bug1

AceDuk@DESKTOP-L7CEDGU MINGW64 ~/Desktop/SI_2023_lab1_173241 (master)
$ git branch bug2

AceDuk@DESKTOP-L7CEDGU MINGW64 ~/Desktop/SI_2023_lab1_173241 (master)
$ git branch bug3

AceDuk@DESKTOP-L7CEDGU MINGW64 ~/Desktop/SI_2023_lab1_173241 (master)
$ git checkout bug1
Switched to branch 'bug1'

AceDuk@DESKTOP-L7CEDGU MINGW64 ~/Desktop/SI_2023_lab1_173241 (bug1)
$ git add SILab1.java

AceDuk@DESKTOP-L7CEDGU MINGW64 ~/Desktop/SI_2023_lab1_173241 (bug1)
$ git commit -m "Fix wrong loop for reading"
[bug1 661b14d] Fix wrong loop for reading
 1 file changed, 1 insertion(+), 1 deletion(-)

AceDuk@DESKTOP-L7CEDGU MINGW64 ~/Desktop/SI_2023_lab1_173241 (bug1)
$ git checkout bug2
Switched to branch 'bug2'

AceDuk@DESKTOP-L7CEDGU MINGW64 ~/Desktop/SI_2023_lab1_173241 (bug2)
$ git add SILab1.java

AceDuk@DESKTOP-L7CEDGU MINGW64 ~/Desktop/SI_2023_lab1_173241 (bug2)
$ git commit -m "Fix wrong condition in filterOddNumbers."
[bug2 01b8d19] Fix wrong condition in filterOddNumbers.
 1 file changed, 1 insertion(+), 1 deletion(-)

AceDuk@DESKTOP-L7CEDGU MINGW64 ~/Desktop/SI_2023_lab1_173241 (bug2)
$ git checkout bug3
Switched to branch 'bug3'

AceDuk@DESKTOP-L7CEDGU MINGW64 ~/Desktop/SI_2023_lab1_173241 (bug3)
$ git add SILab1.java

AceDuk@DESKTOP-L7CEDGU MINGW64 ~/Desktop/SI_2023_lab1_173241 (bug3)
$ git commit -m "Fix method sumEvenNumbers."
[bug3 25cf10e] Fix method sumEvenNumbers.
 1 file changed, 1 insertion(+), 1 deletion(-)

AceDuk@DESKTOP-L7CEDGU MINGW64 ~/Desktop/SI_2023_lab1_173241 (bug3)
$ git push --all origin
Enumerating objects: 11, done.
Counting objects: 100% (11/11), done.
Delta compression using up to 4 threads
Compressing objects: 100% (9/9), done.
Writing objects: 100% (9/9), 815 bytes | 815.00 KiB/s, done.
Total 9 (delta 5), reused 0 (delta 0), pack-reused 0
remote: Resolving deltas: 100% (5/5), completed with 1 local object.
To https://github.com/AceDuk/SI_2023_lab1_173241.git
 * [new branch]      bug1 -> bug1
 * [new branch]      bug2 -> bug2
 * [new branch]      bug3 -> bug3

AceDuk@DESKTOP-L7CEDGU MINGW64 ~/Desktop/SI_2023_lab1_173241 (bug3)
$ git checkout master
Switched to branch 'master'
Your branch is up to date with 'origin/master'.

AceDuk@DESKTOP-L7CEDGU MINGW64 ~/Desktop/SI_2023_lab1_173241 (master)
$ git merge bug1
Updating 0a38ab7..661b14d
Fast-forward
 SILab1.java | 2 +-
 1 file changed, 1 insertion(+), 1 deletion(-)

AceDuk@DESKTOP-L7CEDGU MINGW64 ~/Desktop/SI_2023_lab1_173241 (master)
$ git push --all origin
Total 0 (delta 0), reused 0 (delta 0), pack-reused 0
To https://github.com/AceDuk/SI_2023_lab1_173241.git
   0a38ab7..661b14d  master -> master

AceDuk@DESKTOP-L7CEDGU MINGW64 ~/Desktop/SI_2023_lab1_173241 (master)
$ git merge bug2
Auto-merging SILab1.java
Merge made by the 'ort' strategy.
 SILab1.java | 2 +-
 1 file changed, 1 insertion(+), 1 deletion(-)

AceDuk@DESKTOP-L7CEDGU MINGW64 ~/Desktop/SI_2023_lab1_173241 (master)
$ git push --all origin
Enumerating objects: 7, done.
Counting objects: 100% (7/7), done.
Delta compression using up to 4 threads
Compressing objects: 100% (3/3), done.
Writing objects: 100% (3/3), 357 bytes | 357.00 KiB/s, done.
Total 3 (delta 1), reused 0 (delta 0), pack-reused 0
remote: Resolving deltas: 100% (1/1), completed with 1 local object.
To https://github.com/AceDuk/SI_2023_lab1_173241.git
   661b14d..ba1a068  master -> master

AceDuk@DESKTOP-L7CEDGU MINGW64 ~/Desktop/SI_2023_lab1_173241 (master)
$ git checkout bug3
Switched to branch 'bug3'

AceDuk@DESKTOP-L7CEDGU MINGW64 ~/Desktop/SI_2023_lab1_173241 (bug3)
$ git rebase
There is no tracking information for the current branch.
Please specify which branch you want to rebase against.
See git-rebase(1) for details.

    git rebase '<branch>'

If you wish to set tracking information for this branch you can do so with:

    git branch --set-upstream-to=<remote>/<branch> bug3


AceDuk@DESKTOP-L7CEDGU MINGW64 ~/Desktop/SI_2023_lab1_173241 (bug3)
$ git rebase master
Successfully rebased and updated refs/heads/bug3.

AceDuk@DESKTOP-L7CEDGU MINGW64 ~/Desktop/SI_2023_lab1_173241 (bug3)
$ git checkout master
Switched to branch 'master'
Your branch is up to date with 'origin/master'.

AceDuk@DESKTOP-L7CEDGU MINGW64 ~/Desktop/SI_2023_lab1_173241 (master)
$ git merge bug3
Updating ba1a068..3c83da0
Fast-forward
 SILab1.java | 2 +-
 1 file changed, 1 insertion(+), 1 deletion(-)

AceDuk@DESKTOP-L7CEDGU MINGW64 ~/Desktop/SI_2023_lab1_173241 (master)
$ git push --all origin
Enumerating objects: 5, done.
Counting objects: 100% (5/5), done.
Delta compression using up to 4 threads
Compressing objects: 100% (3/3), done.
Writing objects: 100% (3/3), 333 bytes | 333.00 KiB/s, done.
Total 3 (delta 1), reused 0 (delta 0), pack-reused 0
remote: Resolving deltas: 100% (1/1), completed with 1 local object.
To https://github.com/AceDuk/SI_2023_lab1_173241.git
   ba1a068..3c83da0  master -> master
 ! [rejected]        bug3 -> bug3 (non-fast-forward)
error: failed to push some refs to 'https://github.com/AceDuk/SI_2023_lab1_173241.git'
hint: Updates were rejected because a pushed branch tip is behind its remote
hint: counterpart. Check out this branch and integrate the remote changes
hint: (e.g. 'git pull ...') before pushing again.
hint: See the 'Note about fast-forwards' in 'git push --help' for details.

AceDuk@DESKTOP-L7CEDGU MINGW64 ~/Desktop/SI_2023_lab1_173241 (master)
$ git push --all origin force
fatal: --all can't be combined with refspecs

AceDuk@DESKTOP-L7CEDGU MINGW64 ~/Desktop/SI_2023_lab1_173241 (master)
$ gigit push --force origin my_branch:master
bash: gigit: command not found

AceDuk@DESKTOP-L7CEDGU MINGW64 ~/Desktop/SI_2023_lab1_173241 (master)
$ dsadgit push --force origin my_branch:master
bash: dsadgit: command not found

AceDuk@DESKTOP-L7CEDGU MINGW64 ~/Desktop/SI_2023_lab1_173241 (master)
$ git push --force origin bug3:master
Everything up-to-date

AceDuk@DESKTOP-L7CEDGU MINGW64 ~/Desktop/SI_2023_lab1_173241 (master)
$ git status
On branch master
Your branch is up to date with 'origin/master'.

nothing to commit, working tree clean

AceDuk@DESKTOP-L7CEDGU MINGW64 ~/Desktop/SI_2023_lab1_173241 (master)
$ git push --all origin
To https://github.com/AceDuk/SI_2023_lab1_173241.git
 ! [rejected]        bug3 -> bug3 (non-fast-forward)
error: failed to push some refs to 'https://github.com/AceDuk/SI_2023_lab1_173241.git'
hint: Updates were rejected because a pushed branch tip is behind its remote
hint: counterpart. Check out this branch and integrate the remote changes
hint: (e.g. 'git pull ...') before pushing again.
hint: See the 'Note about fast-forwards' in 'git push --help' for details.

AceDuk@DESKTOP-L7CEDGU MINGW64 ~/Desktop/SI_2023_lab1_173241 (master)
$ git push --force origin bug3:master
Everything up-to-date

AceDuk@DESKTOP-L7CEDGU MINGW64 ~/Desktop/SI_2023_lab1_173241 (master)
$